---
source: crates/hwp-core/tests/hwpx_tests.rs
expression: json
---
{
  "file_header": {
    "signature": "HWP Document File",
    "version": "5.1.0.0",
    "document_flags": [],
    "license_flags": [],
    "encrypt_version": 0,
    "kogl_country": 0
  },
  "doc_info": {
    "document_properties": {
      "area_count": 1,
      "start_number_info": 0,
      "page_start_number": 1,
      "footnote_start_number": 1,
      "endnote_start_number": 1,
      "image_start_number": 1,
      "table_start_number": 1,
      "formula_start_number": 1,
      "list_id": 0,
      "paragraph_id": 0,
      "character_position": 0
    },
    "id_mappings": null,
    "bin_data": [],
    "face_names": [],
    "border_fill": [],
    "char_shapes": [
      {
        "font_ids": {
          "korean": 0,
          "english": 0,
          "chinese": 0,
          "japanese": 0,
          "other": 0,
          "symbol": 0,
          "user": 0
        },
        "font_stretch": {
          "korean": 100,
          "english": 100,
          "chinese": 100,
          "japanese": 100,
          "other": 100,
          "symbol": 100,
          "user": 100
        },
        "letter_spacing": {
          "korean": 0,
          "english": 0,
          "chinese": 0,
          "japanese": 0,
          "other": 0,
          "symbol": 0,
          "user": 0
        },
        "relative_size": {
          "korean": 100,
          "english": 100,
          "chinese": 100,
          "japanese": 100,
          "other": 100,
          "symbol": 100,
          "user": 100
        },
        "text_position": {
          "korean": 0,
          "english": 0,
          "chinese": 0,
          "japanese": 0,
          "other": 0,
          "symbol": 0,
          "user": 0
        },
        "base_size": 1000,
        "attributes": {
          "italic": false,
          "bold": false,
          "underline_type": 0,
          "underline_style": 0,
          "outline_type": 0,
          "shadow_type": 0,
          "emboss": false,
          "engrave": false,
          "superscript": false,
          "subscript": false,
          "strikethrough": 0,
          "emphasis_mark": 0,
          "use_font_spacing": false,
          "strikethrough_style": 0,
          "kerning": false
        },
        "shadow_spacing_x": 0,
        "shadow_spacing_y": 0,
        "text_color": {
          "r": 0,
          "g": 0,
          "b": 0
        },
        "underline_color": {
          "r": 0,
          "g": 0,
          "b": 0
        },
        "shading_color": {
          "r": 0,
          "g": 0,
          "b": 0
        },
        "shadow_color": {
          "r": 0,
          "g": 0,
          "b": 0
        },
        "border_fill_id": null,
        "strikethrough_color": null
      },
      {
        "font_ids": {
          "korean": 1,
          "english": 1,
          "chinese": 1,
          "japanese": 1,
          "other": 1,
          "symbol": 1,
          "user": 1
        },
        "font_stretch": {
          "korean": 100,
          "english": 100,
          "chinese": 100,
          "japanese": 100,
          "other": 100,
          "symbol": 100,
          "user": 100
        },
        "letter_spacing": {
          "korean": 0,
          "english": 0,
          "chinese": 0,
          "japanese": 0,
          "other": 0,
          "symbol": 0,
          "user": 0
        },
        "relative_size": {
          "korean": 100,
          "english": 100,
          "chinese": 100,
          "japanese": 100,
          "other": 100,
          "symbol": 100,
          "user": 100
        },
        "text_position": {
          "korean": 0,
          "english": 0,
          "chinese": 0,
          "japanese": 0,
          "other": 0,
          "symbol": 0,
          "user": 0
        },
        "base_size": 1000,
        "attributes": {
          "italic": false,
          "bold": false,
          "underline_type": 0,
          "underline_style": 0,
          "outline_type": 0,
          "shadow_type": 0,
          "emboss": false,
          "engrave": false,
          "superscript": false,
          "subscript": false,
          "strikethrough": 0,
          "emphasis_mark": 0,
          "use_font_spacing": false,
          "strikethrough_style": 0,
          "kerning": false
        },
        "shadow_spacing_x": 0,
        "shadow_spacing_y": 0,
        "text_color": {
          "r": 0,
          "g": 0,
          "b": 0
        },
        "underline_color": {
          "r": 0,
          "g": 0,
          "b": 0
        },
        "shading_color": {
          "r": 0,
          "g": 0,
          "b": 0
        },
        "shadow_color": {
          "r": 0,
          "g": 0,
          "b": 0
        },
        "border_fill_id": null,
        "strikethrough_color": null
      },
      {
        "font_ids": {
          "korean": 0,
          "english": 0,
          "chinese": 0,
          "japanese": 0,
          "other": 0,
          "symbol": 0,
          "user": 0
        },
        "font_stretch": {
          "korean": 100,
          "english": 100,
          "chinese": 100,
          "japanese": 100,
          "other": 100,
          "symbol": 100,
          "user": 100
        },
        "letter_spacing": {
          "korean": 0,
          "english": 0,
          "chinese": 0,
          "japanese": 0,
          "other": 0,
          "symbol": 0,
          "user": 0
        },
        "relative_size": {
          "korean": 100,
          "english": 100,
          "chinese": 100,
          "japanese": 100,
          "other": 100,
          "symbol": 100,
          "user": 100
        },
        "text_position": {
          "korean": 0,
          "english": 0,
          "chinese": 0,
          "japanese": 0,
          "other": 0,
          "symbol": 0,
          "user": 0
        },
        "base_size": 900,
        "attributes": {
          "italic": false,
          "bold": false,
          "underline_type": 0,
          "underline_style": 0,
          "outline_type": 0,
          "shadow_type": 0,
          "emboss": false,
          "engrave": false,
          "superscript": false,
          "subscript": false,
          "strikethrough": 0,
          "emphasis_mark": 0,
          "use_font_spacing": false,
          "strikethrough_style": 0,
          "kerning": false
        },
        "shadow_spacing_x": 0,
        "shadow_spacing_y": 0,
        "text_color": {
          "r": 0,
          "g": 0,
          "b": 0
        },
        "underline_color": {
          "r": 0,
          "g": 0,
          "b": 0
        },
        "shading_color": {
          "r": 0,
          "g": 0,
          "b": 0
        },
        "shadow_color": {
          "r": 0,
          "g": 0,
          "b": 0
        },
        "border_fill_id": null,
        "strikethrough_color": null
      },
      {
        "font_ids": {
          "korean": 1,
          "english": 1,
          "chinese": 1,
          "japanese": 1,
          "other": 1,
          "symbol": 1,
          "user": 1
        },
        "font_stretch": {
          "korean": 100,
          "english": 100,
          "chinese": 100,
          "japanese": 100,
          "other": 100,
          "symbol": 100,
          "user": 100
        },
        "letter_spacing": {
          "korean": 0,
          "english": 0,
          "chinese": 0,
          "japanese": 0,
          "other": 0,
          "symbol": 0,
          "user": 0
        },
        "relative_size": {
          "korean": 100,
          "english": 100,
          "chinese": 100,
          "japanese": 100,
          "other": 100,
          "symbol": 100,
          "user": 100
        },
        "text_position": {
          "korean": 0,
          "english": 0,
          "chinese": 0,
          "japanese": 0,
          "other": 0,
          "symbol": 0,
          "user": 0
        },
        "base_size": 900,
        "attributes": {
          "italic": false,
          "bold": false,
          "underline_type": 0,
          "underline_style": 0,
          "outline_type": 0,
          "shadow_type": 0,
          "emboss": false,
          "engrave": false,
          "superscript": false,
          "subscript": false,
          "strikethrough": 0,
          "emphasis_mark": 0,
          "use_font_spacing": false,
          "strikethrough_style": 0,
          "kerning": false
        },
        "shadow_spacing_x": 0,
        "shadow_spacing_y": 0,
        "text_color": {
          "r": 0,
          "g": 0,
          "b": 0
        },
        "underline_color": {
          "r": 0,
          "g": 0,
          "b": 0
        },
        "shading_color": {
          "r": 0,
          "g": 0,
          "b": 0
        },
        "shadow_color": {
          "r": 0,
          "g": 0,
          "b": 0
        },
        "border_fill_id": null,
        "strikethrough_color": null
      },
      {
        "font_ids": {
          "korean": 0,
          "english": 0,
          "chinese": 0,
          "japanese": 0,
          "other": 0,
          "symbol": 0,
          "user": 0
        },
        "font_stretch": {
          "korean": 100,
          "english": 100,
          "chinese": 100,
          "japanese": 100,
          "other": 100,
          "symbol": 100,
          "user": 100
        },
        "letter_spacing": {
          "korean": 0,
          "english": 0,
          "chinese": 0,
          "japanese": 0,
          "other": 0,
          "symbol": 0,
          "user": 0
        },
        "relative_size": {
          "korean": 100,
          "english": 100,
          "chinese": 100,
          "japanese": 100,
          "other": 100,
          "symbol": 100,
          "user": 100
        },
        "text_position": {
          "korean": 0,
          "english": 0,
          "chinese": 0,
          "japanese": 0,
          "other": 0,
          "symbol": 0,
          "user": 0
        },
        "base_size": 900,
        "attributes": {
          "italic": false,
          "bold": false,
          "underline_type": 0,
          "underline_style": 0,
          "outline_type": 0,
          "shadow_type": 0,
          "emboss": false,
          "engrave": false,
          "superscript": false,
          "subscript": false,
          "strikethrough": 0,
          "emphasis_mark": 0,
          "use_font_spacing": false,
          "strikethrough_style": 0,
          "kerning": false
        },
        "shadow_spacing_x": 0,
        "shadow_spacing_y": 0,
        "text_color": {
          "r": 0,
          "g": 0,
          "b": 0
        },
        "underline_color": {
          "r": 0,
          "g": 0,
          "b": 0
        },
        "shading_color": {
          "r": 0,
          "g": 0,
          "b": 0
        },
        "shadow_color": {
          "r": 0,
          "g": 0,
          "b": 0
        },
        "border_fill_id": null,
        "strikethrough_color": null
      },
      {
        "font_ids": {
          "korean": 1,
          "english": 1,
          "chinese": 1,
          "japanese": 1,
          "other": 1,
          "symbol": 1,
          "user": 1
        },
        "font_stretch": {
          "korean": 100,
          "english": 100,
          "chinese": 100,
          "japanese": 100,
          "other": 100,
          "symbol": 100,
          "user": 100
        },
        "letter_spacing": {
          "korean": 0,
          "english": 0,
          "chinese": 0,
          "japanese": 0,
          "other": 0,
          "symbol": 0,
          "user": 0
        },
        "relative_size": {
          "korean": 100,
          "english": 100,
          "chinese": 100,
          "japanese": 100,
          "other": 100,
          "symbol": 100,
          "user": 100
        },
        "text_position": {
          "korean": 0,
          "english": 0,
          "chinese": 0,
          "japanese": 0,
          "other": 0,
          "symbol": 0,
          "user": 0
        },
        "base_size": 1000,
        "attributes": {
          "italic": false,
          "bold": false,
          "underline_type": 2,
          "underline_style": 0,
          "outline_type": 0,
          "shadow_type": 0,
          "emboss": false,
          "engrave": false,
          "superscript": false,
          "subscript": false,
          "strikethrough": 0,
          "emphasis_mark": 0,
          "use_font_spacing": false,
          "strikethrough_style": 0,
          "kerning": false
        },
        "shadow_spacing_x": 0,
        "shadow_spacing_y": 0,
        "text_color": {
          "r": 0,
          "g": 0,
          "b": 0
        },
        "underline_color": {
          "r": 255,
          "g": 0,
          "b": 0
        },
        "shading_color": {
          "r": 0,
          "g": 0,
          "b": 0
        },
        "shadow_color": {
          "r": 0,
          "g": 0,
          "b": 0
        },
        "border_fill_id": null,
        "strikethrough_color": null
      },
      {
        "font_ids": {
          "korean": 1,
          "english": 1,
          "chinese": 1,
          "japanese": 1,
          "other": 1,
          "symbol": 1,
          "user": 1
        },
        "font_stretch": {
          "korean": 100,
          "english": 100,
          "chinese": 100,
          "japanese": 100,
          "other": 100,
          "symbol": 100,
          "user": 100
        },
        "letter_spacing": {
          "korean": 0,
          "english": 0,
          "chinese": 0,
          "japanese": 0,
          "other": 0,
          "symbol": 0,
          "user": 0
        },
        "relative_size": {
          "korean": 100,
          "english": 100,
          "chinese": 100,
          "japanese": 100,
          "other": 100,
          "symbol": 100,
          "user": 100
        },
        "text_position": {
          "korean": 0,
          "english": 0,
          "chinese": 0,
          "japanese": 0,
          "other": 0,
          "symbol": 0,
          "user": 0
        },
        "base_size": 2000,
        "attributes": {
          "italic": false,
          "bold": false,
          "underline_type": 2,
          "underline_style": 0,
          "outline_type": 0,
          "shadow_type": 0,
          "emboss": false,
          "engrave": false,
          "superscript": false,
          "subscript": false,
          "strikethrough": 0,
          "emphasis_mark": 0,
          "use_font_spacing": false,
          "strikethrough_style": 0,
          "kerning": false
        },
        "shadow_spacing_x": 0,
        "shadow_spacing_y": 0,
        "text_color": {
          "r": 0,
          "g": 0,
          "b": 0
        },
        "underline_color": {
          "r": 255,
          "g": 0,
          "b": 0
        },
        "shading_color": {
          "r": 0,
          "g": 0,
          "b": 0
        },
        "shadow_color": {
          "r": 0,
          "g": 0,
          "b": 0
        },
        "border_fill_id": null,
        "strikethrough_color": null
      },
      {
        "font_ids": {
          "korean": 1,
          "english": 1,
          "chinese": 1,
          "japanese": 1,
          "other": 1,
          "symbol": 1,
          "user": 1
        },
        "font_stretch": {
          "korean": 100,
          "english": 100,
          "chinese": 100,
          "japanese": 100,
          "other": 100,
          "symbol": 100,
          "user": 100
        },
        "letter_spacing": {
          "korean": 0,
          "english": 0,
          "chinese": 0,
          "japanese": 0,
          "other": 0,
          "symbol": 0,
          "user": 0
        },
        "relative_size": {
          "korean": 100,
          "english": 100,
          "chinese": 100,
          "japanese": 100,
          "other": 100,
          "symbol": 100,
          "user": 100
        },
        "text_position": {
          "korean": 0,
          "english": 0,
          "chinese": 0,
          "japanese": 0,
          "other": 0,
          "symbol": 0,
          "user": 0
        },
        "base_size": 1500,
        "attributes": {
          "italic": false,
          "bold": false,
          "underline_type": 2,
          "underline_style": 0,
          "outline_type": 0,
          "shadow_type": 0,
          "emboss": false,
          "engrave": false,
          "superscript": false,
          "subscript": false,
          "strikethrough": 0,
          "emphasis_mark": 0,
          "use_font_spacing": false,
          "strikethrough_style": 0,
          "kerning": false
        },
        "shadow_spacing_x": 0,
        "shadow_spacing_y": 0,
        "text_color": {
          "r": 0,
          "g": 0,
          "b": 0
        },
        "underline_color": {
          "r": 255,
          "g": 0,
          "b": 0
        },
        "shading_color": {
          "r": 0,
          "g": 0,
          "b": 0
        },
        "shadow_color": {
          "r": 0,
          "g": 0,
          "b": 0
        },
        "border_fill_id": null,
        "strikethrough_color": null
      }
    ],
    "tab_defs": [],
    "numbering": [],
    "bullets": [],
    "para_shapes": [
      {
        "attributes1": {
          "line_spacing_type_old": "bycharacter",
          "align": "justify",
          "line_divide_en": "word",
          "line_divide_ko": "word",
          "use_line_grid": false,
          "blank_min_value": 0,
          "protect_orphan_line": false,
          "with_next_paragraph": false,
          "protect_paragraph": false,
          "always_page_break_before": false,
          "vertical_align": "baseline",
          "line_height_matches_font": false,
          "header_shape_type": "none",
          "paragraph_level": 0,
          "connect_border": false,
          "ignore_margin": false,
          "tail_shape": false
        },
        "left_margin": 0,
        "right_margin": 0,
        "indent": -655,
        "outdent": 0,
        "top_spacing": 0,
        "bottom_spacing": 0,
        "line_spacing_old": 0,
        "tab_def_id": 0,
        "number_bullet_id": 0,
        "border_fill_id": 0,
        "border_spacing_left": 0,
        "border_spacing_right": 0,
        "border_spacing_top": 0,
        "border_spacing_bottom": 0,
        "attributes2": null,
        "attributes3": null,
        "line_spacing": null
      },
      {
        "attributes1": {
          "line_spacing_type_old": "bycharacter",
          "align": "justify",
          "line_divide_en": "word",
          "line_divide_ko": "word",
          "use_line_grid": false,
          "blank_min_value": 0,
          "protect_orphan_line": false,
          "with_next_paragraph": false,
          "protect_paragraph": false,
          "always_page_break_before": false,
          "vertical_align": "baseline",
          "line_height_matches_font": false,
          "header_shape_type": "none",
          "paragraph_level": 0,
          "connect_border": false,
          "ignore_margin": false,
          "tail_shape": false
        },
        "left_margin": 0,
        "right_margin": 0,
        "indent": 0,
        "outdent": 0,
        "top_spacing": 0,
        "bottom_spacing": 0,
        "line_spacing_old": 0,
        "tab_def_id": 0,
        "number_bullet_id": 0,
        "border_fill_id": 0,
        "border_spacing_left": 0,
        "border_spacing_right": 0,
        "border_spacing_top": 0,
        "border_spacing_bottom": 0,
        "attributes2": null,
        "attributes3": null,
        "line_spacing": null
      },
      {
        "attributes1": {
          "line_spacing_type_old": "bycharacter",
          "align": "justify",
          "line_divide_en": "word",
          "line_divide_ko": "word",
          "use_line_grid": false,
          "blank_min_value": 0,
          "protect_orphan_line": false,
          "with_next_paragraph": false,
          "protect_paragraph": false,
          "always_page_break_before": false,
          "vertical_align": "baseline",
          "line_height_matches_font": false,
          "header_shape_type": "none",
          "paragraph_level": 0,
          "connect_border": false,
          "ignore_margin": false,
          "tail_shape": false
        },
        "left_margin": 0,
        "right_margin": 0,
        "indent": 0,
        "outdent": 0,
        "top_spacing": 0,
        "bottom_spacing": 0,
        "line_spacing_old": 0,
        "tab_def_id": 0,
        "number_bullet_id": 0,
        "border_fill_id": 0,
        "border_spacing_left": 0,
        "border_spacing_right": 0,
        "border_spacing_top": 0,
        "border_spacing_bottom": 0,
        "attributes2": null,
        "attributes3": null,
        "line_spacing": null
      },
      {
        "attributes1": {
          "line_spacing_type_old": "bycharacter",
          "align": "justify",
          "line_divide_en": "word",
          "line_divide_ko": "word",
          "use_line_grid": false,
          "blank_min_value": 0,
          "protect_orphan_line": false,
          "with_next_paragraph": false,
          "protect_paragraph": false,
          "always_page_break_before": false,
          "vertical_align": "baseline",
          "line_height_matches_font": false,
          "header_shape_type": "none",
          "paragraph_level": 0,
          "connect_border": false,
          "ignore_margin": false,
          "tail_shape": false
        },
        "left_margin": 750,
        "right_margin": 0,
        "indent": 0,
        "outdent": 0,
        "top_spacing": 0,
        "bottom_spacing": 0,
        "line_spacing_old": 0,
        "tab_def_id": 0,
        "number_bullet_id": 0,
        "border_fill_id": 0,
        "border_spacing_left": 0,
        "border_spacing_right": 0,
        "border_spacing_top": 0,
        "border_spacing_bottom": 0,
        "attributes2": null,
        "attributes3": null,
        "line_spacing": null
      },
      {
        "attributes1": {
          "line_spacing_type_old": "bycharacter",
          "align": "justify",
          "line_divide_en": "word",
          "line_divide_ko": "word",
          "use_line_grid": false,
          "blank_min_value": 0,
          "protect_orphan_line": false,
          "with_next_paragraph": false,
          "protect_paragraph": false,
          "always_page_break_before": false,
          "vertical_align": "baseline",
          "line_height_matches_font": false,
          "header_shape_type": "none",
          "paragraph_level": 0,
          "connect_border": false,
          "ignore_margin": false,
          "tail_shape": false
        },
        "left_margin": 500,
        "right_margin": 0,
        "indent": 0,
        "outdent": 0,
        "top_spacing": 0,
        "bottom_spacing": 0,
        "line_spacing_old": 0,
        "tab_def_id": 0,
        "number_bullet_id": 0,
        "border_fill_id": 0,
        "border_spacing_left": 0,
        "border_spacing_right": 0,
        "border_spacing_top": 0,
        "border_spacing_bottom": 0,
        "attributes2": null,
        "attributes3": null,
        "line_spacing": null
      },
      {
        "attributes1": {
          "line_spacing_type_old": "bycharacter",
          "align": "justify",
          "line_divide_en": "word",
          "line_divide_ko": "word",
          "use_line_grid": false,
          "blank_min_value": 0,
          "protect_orphan_line": false,
          "with_next_paragraph": false,
          "protect_paragraph": false,
          "always_page_break_before": false,
          "vertical_align": "baseline",
          "line_height_matches_font": false,
          "header_shape_type": "none",
          "paragraph_level": 0,
          "connect_border": false,
          "ignore_margin": false,
          "tail_shape": false
        },
        "left_margin": 1000,
        "right_margin": 0,
        "indent": 0,
        "outdent": 0,
        "top_spacing": 0,
        "bottom_spacing": 0,
        "line_spacing_old": 0,
        "tab_def_id": 0,
        "number_bullet_id": 0,
        "border_fill_id": 0,
        "border_spacing_left": 0,
        "border_spacing_right": 0,
        "border_spacing_top": 0,
        "border_spacing_bottom": 0,
        "attributes2": null,
        "attributes3": null,
        "line_spacing": null
      },
      {
        "attributes1": {
          "line_spacing_type_old": "bycharacter",
          "align": "justify",
          "line_divide_en": "word",
          "line_divide_ko": "word",
          "use_line_grid": false,
          "blank_min_value": 0,
          "protect_orphan_line": false,
          "with_next_paragraph": false,
          "protect_paragraph": false,
          "always_page_break_before": false,
          "vertical_align": "baseline",
          "line_height_matches_font": false,
          "header_shape_type": "none",
          "paragraph_level": 0,
          "connect_border": false,
          "ignore_margin": false,
          "tail_shape": false
        },
        "left_margin": 1500,
        "right_margin": 0,
        "indent": 0,
        "outdent": 0,
        "top_spacing": 0,
        "bottom_spacing": 0,
        "line_spacing_old": 0,
        "tab_def_id": 0,
        "number_bullet_id": 0,
        "border_fill_id": 0,
        "border_spacing_left": 0,
        "border_spacing_right": 0,
        "border_spacing_top": 0,
        "border_spacing_bottom": 0,
        "attributes2": null,
        "attributes3": null,
        "line_spacing": null
      },
      {
        "attributes1": {
          "line_spacing_type_old": "bycharacter",
          "align": "justify",
          "line_divide_en": "word",
          "line_divide_ko": "word",
          "use_line_grid": false,
          "blank_min_value": 0,
          "protect_orphan_line": false,
          "with_next_paragraph": false,
          "protect_paragraph": false,
          "always_page_break_before": false,
          "vertical_align": "baseline",
          "line_height_matches_font": false,
          "header_shape_type": "none",
          "paragraph_level": 0,
          "connect_border": false,
          "ignore_margin": false,
          "tail_shape": false
        },
        "left_margin": 2000,
        "right_margin": 0,
        "indent": 0,
        "outdent": 0,
        "top_spacing": 0,
        "bottom_spacing": 0,
        "line_spacing_old": 0,
        "tab_def_id": 0,
        "number_bullet_id": 0,
        "border_fill_id": 0,
        "border_spacing_left": 0,
        "border_spacing_right": 0,
        "border_spacing_top": 0,
        "border_spacing_bottom": 0,
        "attributes2": null,
        "attributes3": null,
        "line_spacing": null
      },
      {
        "attributes1": {
          "line_spacing_type_old": "bycharacter",
          "align": "justify",
          "line_divide_en": "word",
          "line_divide_ko": "word",
          "use_line_grid": false,
          "blank_min_value": 0,
          "protect_orphan_line": false,
          "with_next_paragraph": false,
          "protect_paragraph": false,
          "always_page_break_before": false,
          "vertical_align": "baseline",
          "line_height_matches_font": false,
          "header_shape_type": "none",
          "paragraph_level": 0,
          "connect_border": false,
          "ignore_margin": false,
          "tail_shape": false
        },
        "left_margin": 2500,
        "right_margin": 0,
        "indent": 0,
        "outdent": 0,
        "top_spacing": 0,
        "bottom_spacing": 0,
        "line_spacing_old": 0,
        "tab_def_id": 0,
        "number_bullet_id": 0,
        "border_fill_id": 0,
        "border_spacing_left": 0,
        "border_spacing_right": 0,
        "border_spacing_top": 0,
        "border_spacing_bottom": 0,
        "attributes2": null,
        "attributes3": null,
        "line_spacing": null
      },
      {
        "attributes1": {
          "line_spacing_type_old": "bycharacter",
          "align": "justify",
          "line_divide_en": "word",
          "line_divide_ko": "word",
          "use_line_grid": false,
          "blank_min_value": 0,
          "protect_orphan_line": false,
          "with_next_paragraph": false,
          "protect_paragraph": false,
          "always_page_break_before": false,
          "vertical_align": "baseline",
          "line_height_matches_font": false,
          "header_shape_type": "none",
          "paragraph_level": 0,
          "connect_border": false,
          "ignore_margin": false,
          "tail_shape": false
        },
        "left_margin": 3000,
        "right_margin": 0,
        "indent": 0,
        "outdent": 0,
        "top_spacing": 0,
        "bottom_spacing": 0,
        "line_spacing_old": 0,
        "tab_def_id": 0,
        "number_bullet_id": 0,
        "border_fill_id": 0,
        "border_spacing_left": 0,
        "border_spacing_right": 0,
        "border_spacing_top": 0,
        "border_spacing_bottom": 0,
        "attributes2": null,
        "attributes3": null,
        "line_spacing": null
      },
      {
        "attributes1": {
          "line_spacing_type_old": "bycharacter",
          "align": "justify",
          "line_divide_en": "word",
          "line_divide_ko": "word",
          "use_line_grid": false,
          "blank_min_value": 0,
          "protect_orphan_line": false,
          "with_next_paragraph": false,
          "protect_paragraph": false,
          "always_page_break_before": false,
          "vertical_align": "baseline",
          "line_height_matches_font": false,
          "header_shape_type": "none",
          "paragraph_level": 0,
          "connect_border": false,
          "ignore_margin": false,
          "tail_shape": false
        },
        "left_margin": 3500,
        "right_margin": 0,
        "indent": 0,
        "outdent": 0,
        "top_spacing": 0,
        "bottom_spacing": 0,
        "line_spacing_old": 0,
        "tab_def_id": 0,
        "number_bullet_id": 0,
        "border_fill_id": 0,
        "border_spacing_left": 0,
        "border_spacing_right": 0,
        "border_spacing_top": 0,
        "border_spacing_bottom": 0,
        "attributes2": null,
        "attributes3": null,
        "line_spacing": null
      },
      {
        "attributes1": {
          "line_spacing_type_old": "bycharacter",
          "align": "justify",
          "line_divide_en": "word",
          "line_divide_ko": "word",
          "use_line_grid": false,
          "blank_min_value": 0,
          "protect_orphan_line": false,
          "with_next_paragraph": false,
          "protect_paragraph": false,
          "always_page_break_before": false,
          "vertical_align": "baseline",
          "line_height_matches_font": false,
          "header_shape_type": "none",
          "paragraph_level": 0,
          "connect_border": false,
          "ignore_margin": false,
          "tail_shape": false
        },
        "left_margin": 0,
        "right_margin": 0,
        "indent": 0,
        "outdent": 0,
        "top_spacing": 0,
        "bottom_spacing": 0,
        "line_spacing_old": 0,
        "tab_def_id": 0,
        "number_bullet_id": 0,
        "border_fill_id": 0,
        "border_spacing_left": 0,
        "border_spacing_right": 0,
        "border_spacing_top": 0,
        "border_spacing_bottom": 0,
        "attributes2": null,
        "attributes3": null,
        "line_spacing": null
      },
      {
        "attributes1": {
          "line_spacing_type_old": "bycharacter",
          "align": "justify",
          "line_divide_en": "word",
          "line_divide_ko": "word",
          "use_line_grid": false,
          "blank_min_value": 0,
          "protect_orphan_line": false,
          "with_next_paragraph": false,
          "protect_paragraph": false,
          "always_page_break_before": false,
          "vertical_align": "baseline",
          "line_height_matches_font": false,
          "header_shape_type": "none",
          "paragraph_level": 0,
          "connect_border": false,
          "ignore_margin": false,
          "tail_shape": false
        },
        "left_margin": 0,
        "right_margin": 0,
        "indent": 0,
        "outdent": 0,
        "top_spacing": 0,
        "bottom_spacing": 0,
        "line_spacing_old": 0,
        "tab_def_id": 0,
        "number_bullet_id": 0,
        "border_fill_id": 0,
        "border_spacing_left": 0,
        "border_spacing_right": 0,
        "border_spacing_top": 0,
        "border_spacing_bottom": 0,
        "attributes2": null,
        "attributes3": null,
        "line_spacing": null
      },
      {
        "attributes1": {
          "line_spacing_type_old": "bycharacter",
          "align": "justify",
          "line_divide_en": "word",
          "line_divide_ko": "word",
          "use_line_grid": false,
          "blank_min_value": 0,
          "protect_orphan_line": false,
          "with_next_paragraph": false,
          "protect_paragraph": false,
          "always_page_break_before": false,
          "vertical_align": "baseline",
          "line_height_matches_font": false,
          "header_shape_type": "none",
          "paragraph_level": 0,
          "connect_border": false,
          "ignore_margin": false,
          "tail_shape": false
        },
        "left_margin": 0,
        "right_margin": 0,
        "indent": 0,
        "outdent": 0,
        "top_spacing": 0,
        "bottom_spacing": 0,
        "line_spacing_old": 0,
        "tab_def_id": 0,
        "number_bullet_id": 0,
        "border_fill_id": 0,
        "border_spacing_left": 0,
        "border_spacing_right": 0,
        "border_spacing_top": 0,
        "border_spacing_bottom": 0,
        "attributes2": null,
        "attributes3": null,
        "line_spacing": null
      },
      {
        "attributes1": {
          "line_spacing_type_old": "bycharacter",
          "align": "justify",
          "line_divide_en": "word",
          "line_divide_ko": "word",
          "use_line_grid": false,
          "blank_min_value": 0,
          "protect_orphan_line": false,
          "with_next_paragraph": false,
          "protect_paragraph": false,
          "always_page_break_before": false,
          "vertical_align": "baseline",
          "line_height_matches_font": false,
          "header_shape_type": "none",
          "paragraph_level": 0,
          "connect_border": false,
          "ignore_margin": false,
          "tail_shape": false
        },
        "left_margin": 0,
        "right_margin": 0,
        "indent": 0,
        "outdent": 0,
        "top_spacing": 0,
        "bottom_spacing": 0,
        "line_spacing_old": 0,
        "tab_def_id": 0,
        "number_bullet_id": 0,
        "border_fill_id": 0,
        "border_spacing_left": 0,
        "border_spacing_right": 0,
        "border_spacing_top": 0,
        "border_spacing_bottom": 0,
        "attributes2": null,
        "attributes3": null,
        "line_spacing": null
      },
      {
        "attributes1": {
          "line_spacing_type_old": "bycharacter",
          "align": "justify",
          "line_divide_en": "word",
          "line_divide_ko": "word",
          "use_line_grid": false,
          "blank_min_value": 0,
          "protect_orphan_line": false,
          "with_next_paragraph": false,
          "protect_paragraph": false,
          "always_page_break_before": false,
          "vertical_align": "baseline",
          "line_height_matches_font": false,
          "header_shape_type": "none",
          "paragraph_level": 0,
          "connect_border": false,
          "ignore_margin": false,
          "tail_shape": false
        },
        "left_margin": 0,
        "right_margin": 0,
        "indent": 0,
        "outdent": 0,
        "top_spacing": 0,
        "bottom_spacing": 0,
        "line_spacing_old": 0,
        "tab_def_id": 0,
        "number_bullet_id": 0,
        "border_fill_id": 0,
        "border_spacing_left": 0,
        "border_spacing_right": 0,
        "border_spacing_top": 0,
        "border_spacing_bottom": 0,
        "attributes2": null,
        "attributes3": null,
        "line_spacing": null
      },
      {
        "attributes1": {
          "line_spacing_type_old": "bycharacter",
          "align": "justify",
          "line_divide_en": "word",
          "line_divide_ko": "word",
          "use_line_grid": false,
          "blank_min_value": 0,
          "protect_orphan_line": false,
          "with_next_paragraph": false,
          "protect_paragraph": false,
          "always_page_break_before": false,
          "vertical_align": "baseline",
          "line_height_matches_font": false,
          "header_shape_type": "none",
          "paragraph_level": 0,
          "connect_border": false,
          "ignore_margin": false,
          "tail_shape": false
        },
        "left_margin": 0,
        "right_margin": 0,
        "indent": 0,
        "outdent": 0,
        "top_spacing": 0,
        "bottom_spacing": 0,
        "line_spacing_old": 0,
        "tab_def_id": 0,
        "number_bullet_id": 0,
        "border_fill_id": 0,
        "border_spacing_left": 0,
        "border_spacing_right": 0,
        "border_spacing_top": 0,
        "border_spacing_bottom": 0,
        "attributes2": null,
        "attributes3": null,
        "line_spacing": null
      },
      {
        "attributes1": {
          "line_spacing_type_old": "bycharacter",
          "align": "justify",
          "line_divide_en": "word",
          "line_divide_ko": "word",
          "use_line_grid": false,
          "blank_min_value": 0,
          "protect_orphan_line": false,
          "with_next_paragraph": false,
          "protect_paragraph": false,
          "always_page_break_before": false,
          "vertical_align": "baseline",
          "line_height_matches_font": false,
          "header_shape_type": "none",
          "paragraph_level": 0,
          "connect_border": false,
          "ignore_margin": false,
          "tail_shape": false
        },
        "left_margin": 0,
        "right_margin": 0,
        "indent": 0,
        "outdent": 0,
        "top_spacing": 0,
        "bottom_spacing": 0,
        "line_spacing_old": 0,
        "tab_def_id": 0,
        "number_bullet_id": 0,
        "border_fill_id": 0,
        "border_spacing_left": 0,
        "border_spacing_right": 0,
        "border_spacing_top": 0,
        "border_spacing_bottom": 0,
        "attributes2": null,
        "attributes3": null,
        "line_spacing": null
      },
      {
        "attributes1": {
          "line_spacing_type_old": "bycharacter",
          "align": "justify",
          "line_divide_en": "word",
          "line_divide_ko": "word",
          "use_line_grid": false,
          "blank_min_value": 0,
          "protect_orphan_line": false,
          "with_next_paragraph": false,
          "protect_paragraph": false,
          "always_page_break_before": false,
          "vertical_align": "baseline",
          "line_height_matches_font": false,
          "header_shape_type": "none",
          "paragraph_level": 0,
          "connect_border": false,
          "ignore_margin": false,
          "tail_shape": false
        },
        "left_margin": 0,
        "right_margin": 0,
        "indent": 0,
        "outdent": 0,
        "top_spacing": 0,
        "bottom_spacing": 0,
        "line_spacing_old": 0,
        "tab_def_id": 0,
        "number_bullet_id": 0,
        "border_fill_id": 0,
        "border_spacing_left": 0,
        "border_spacing_right": 0,
        "border_spacing_top": 0,
        "border_spacing_bottom": 0,
        "attributes2": null,
        "attributes3": null,
        "line_spacing": null
      },
      {
        "attributes1": {
          "line_spacing_type_old": "bycharacter",
          "align": "justify",
          "line_divide_en": "word",
          "line_divide_ko": "word",
          "use_line_grid": false,
          "blank_min_value": 0,
          "protect_orphan_line": false,
          "with_next_paragraph": false,
          "protect_paragraph": false,
          "always_page_break_before": false,
          "vertical_align": "baseline",
          "line_height_matches_font": false,
          "header_shape_type": "none",
          "paragraph_level": 0,
          "connect_border": false,
          "ignore_margin": false,
          "tail_shape": false
        },
        "left_margin": 0,
        "right_margin": 0,
        "indent": 0,
        "outdent": 0,
        "top_spacing": 0,
        "bottom_spacing": 0,
        "line_spacing_old": 0,
        "tab_def_id": 0,
        "number_bullet_id": 0,
        "border_fill_id": 0,
        "border_spacing_left": 0,
        "border_spacing_right": 0,
        "border_spacing_top": 0,
        "border_spacing_bottom": 0,
        "attributes2": null,
        "attributes3": null,
        "line_spacing": null
      },
      {
        "attributes1": {
          "line_spacing_type_old": "bycharacter",
          "align": "justify",
          "line_divide_en": "word",
          "line_divide_ko": "word",
          "use_line_grid": false,
          "blank_min_value": 0,
          "protect_orphan_line": false,
          "with_next_paragraph": false,
          "protect_paragraph": false,
          "always_page_break_before": false,
          "vertical_align": "baseline",
          "line_height_matches_font": false,
          "header_shape_type": "none",
          "paragraph_level": 0,
          "connect_border": false,
          "ignore_margin": false,
          "tail_shape": false
        },
        "left_margin": 0,
        "right_margin": 0,
        "indent": 0,
        "outdent": 0,
        "top_spacing": 0,
        "bottom_spacing": 0,
        "line_spacing_old": 0,
        "tab_def_id": 0,
        "number_bullet_id": 0,
        "border_fill_id": 0,
        "border_spacing_left": 0,
        "border_spacing_right": 0,
        "border_spacing_top": 0,
        "border_spacing_bottom": 0,
        "attributes2": null,
        "attributes3": null,
        "line_spacing": null
      }
    ],
    "styles": [],
    "doc_data": [],
    "distribute_doc_data": null,
    "compatible_document": null,
    "layout_compatibility": null,
    "track_change": null,
    "memo_shapes": [],
    "forbidden_chars": [],
    "track_change_contents": [],
    "track_change_authors": []
  },
  "body_text": {
    "sections": [
      {
        "index": 0,
        "paragraphs": [
          {
            "para_header": {
              "text_char_count": 15,
              "control_mask": {
                "value": 0,
                "flags": []
              },
              "para_shape_id": 0,
              "para_style_id": 0,
              "column_divide_type": [],
              "char_shape_count": 0,
              "range_tag_count": 0,
              "line_align_count": 0,
              "instance_id": 0,
              "section_merge": null
            },
            "records": [
              {
                "type": "para_text",
                "text": "|HHHHHHHHHHHHHH",
                "runs": [
                  {
                    "kind": "text",
                    "text": "|HHHHHHHHHHHHHH",
                    "char_shape_id": 5
                  }
                ],
                "control_char_positions": []
              }
            ]
          },
          {
            "para_header": {
              "text_char_count": 15,
              "control_mask": {
                "value": 0,
                "flags": []
              },
              "para_shape_id": 0,
              "para_style_id": 0,
              "column_divide_type": [],
              "char_shape_count": 0,
              "range_tag_count": 0,
              "line_align_count": 0,
              "instance_id": 0,
              "section_merge": null
            },
            "records": [
              {
                "type": "para_text",
                "text": "|HHHHHHHHHHHHHH",
                "runs": [
                  {
                    "kind": "text",
                    "text": "|HHHHHHHHHHHHHH",
                    "char_shape_id": 5
                  }
                ],
                "control_char_positions": []
              }
            ]
          },
          {
            "para_header": {
              "text_char_count": 14,
              "control_mask": {
                "value": 0,
                "flags": []
              },
              "para_shape_id": 0,
              "para_style_id": 0,
              "column_divide_type": [],
              "char_shape_count": 0,
              "range_tag_count": 0,
              "line_align_count": 0,
              "instance_id": 0,
              "section_merge": null
            },
            "records": [
              {
                "type": "para_text",
                "text": "|H 글자에 따라 150%",
                "runs": [
                  {
                    "kind": "text",
                    "text": "|H 글자에 따라 150%",
                    "char_shape_id": 5
                  }
                ],
                "control_char_positions": []
              }
            ]
          },
          {
            "para_header": {
              "text_char_count": 15,
              "control_mask": {
                "value": 0,
                "flags": []
              },
              "para_shape_id": 0,
              "para_style_id": 0,
              "column_divide_type": [],
              "char_shape_count": 0,
              "range_tag_count": 0,
              "line_align_count": 0,
              "instance_id": 0,
              "section_merge": null
            },
            "records": [
              {
                "type": "para_text",
                "text": "|HHHHHHHHHHHHHH",
                "runs": [
                  {
                    "kind": "text",
                    "text": "|HHHHHHHHHHHHHH",
                    "char_shape_id": 5
                  }
                ],
                "control_char_positions": []
              }
            ]
          },
          {
            "para_header": {
              "text_char_count": 12,
              "control_mask": {
                "value": 0,
                "flags": []
              },
              "para_shape_id": 0,
              "para_style_id": 0,
              "column_divide_type": [],
              "char_shape_count": 0,
              "range_tag_count": 0,
              "line_align_count": 0,
              "instance_id": 0,
              "section_merge": null
            },
            "records": [
              {
                "type": "para_text",
                "text": "|H 고정 값 15pt",
                "runs": [
                  {
                    "kind": "text",
                    "text": "|H 고정 값 15pt",
                    "char_shape_id": 5
                  }
                ],
                "control_char_positions": []
              }
            ]
          },
          {
            "para_header": {
              "text_char_count": 15,
              "control_mask": {
                "value": 0,
                "flags": []
              },
              "para_shape_id": 0,
              "para_style_id": 0,
              "column_divide_type": [],
              "char_shape_count": 0,
              "range_tag_count": 0,
              "line_align_count": 0,
              "instance_id": 0,
              "section_merge": null
            },
            "records": [
              {
                "type": "para_text",
                "text": "|HHHHHHHHHHHHHH",
                "runs": [
                  {
                    "kind": "text",
                    "text": "|HHHHHHHHHHHHHH",
                    "char_shape_id": 5
                  }
                ],
                "control_char_positions": []
              }
            ]
          },
          {
            "para_header": {
              "text_char_count": 13,
              "control_mask": {
                "value": 0,
                "flags": []
              },
              "para_shape_id": 0,
              "para_style_id": 0,
              "column_divide_type": [],
              "char_shape_count": 0,
              "range_tag_count": 0,
              "line_align_count": 0,
              "instance_id": 0,
              "section_merge": null
            },
            "records": [
              {
                "type": "para_text",
                "text": "|H 여백만 지정 5pt",
                "runs": [
                  {
                    "kind": "text",
                    "text": "|H 여백만 지정 5pt",
                    "char_shape_id": 5
                  }
                ],
                "control_char_positions": []
              }
            ]
          },
          {
            "para_header": {
              "text_char_count": 15,
              "control_mask": {
                "value": 0,
                "flags": []
              },
              "para_shape_id": 0,
              "para_style_id": 0,
              "column_divide_type": [],
              "char_shape_count": 0,
              "range_tag_count": 0,
              "line_align_count": 0,
              "instance_id": 0,
              "section_merge": null
            },
            "records": [
              {
                "type": "para_text",
                "text": "|HHHHHHHHHHHHHH",
                "runs": [
                  {
                    "kind": "text",
                    "text": "|HHHHHHHHHHHHHH",
                    "char_shape_id": 5
                  }
                ],
                "control_char_positions": []
              }
            ]
          },
          {
            "para_header": {
              "text_char_count": 14,
              "control_mask": {
                "value": 0,
                "flags": []
              },
              "para_shape_id": 0,
              "para_style_id": 0,
              "column_divide_type": [],
              "char_shape_count": 0,
              "range_tag_count": 0,
              "line_align_count": 0,
              "instance_id": 0,
              "section_merge": null
            },
            "records": [
              {
                "type": "para_text",
                "text": "|H 글자에 따라 100%",
                "runs": [
                  {
                    "kind": "text",
                    "text": "|H 글자에 따라 100%",
                    "char_shape_id": 5
                  }
                ],
                "control_char_positions": []
              }
            ]
          },
          {
            "para_header": {
              "text_char_count": 15,
              "control_mask": {
                "value": 0,
                "flags": []
              },
              "para_shape_id": 0,
              "para_style_id": 0,
              "column_divide_type": [],
              "char_shape_count": 0,
              "range_tag_count": 0,
              "line_align_count": 0,
              "instance_id": 0,
              "section_merge": null
            },
            "records": [
              {
                "type": "para_text",
                "text": "|HHHHHHHHHHHHHH",
                "runs": [
                  {
                    "kind": "text",
                    "text": "|HHHHHHHHHHHHHH",
                    "char_shape_id": 5
                  }
                ],
                "control_char_positions": []
              }
            ]
          },
          {
            "para_header": {
              "text_char_count": 12,
              "control_mask": {
                "value": 0,
                "flags": []
              },
              "para_shape_id": 0,
              "para_style_id": 0,
              "column_divide_type": [],
              "char_shape_count": 0,
              "range_tag_count": 0,
              "line_align_count": 0,
              "instance_id": 0,
              "section_merge": null
            },
            "records": [
              {
                "type": "para_text",
                "text": "|H 고정 값 10pt",
                "runs": [
                  {
                    "kind": "text",
                    "text": "|H 고정 값 10pt",
                    "char_shape_id": 5
                  }
                ],
                "control_char_positions": []
              }
            ]
          },
          {
            "para_header": {
              "text_char_count": 15,
              "control_mask": {
                "value": 0,
                "flags": []
              },
              "para_shape_id": 0,
              "para_style_id": 0,
              "column_divide_type": [],
              "char_shape_count": 0,
              "range_tag_count": 0,
              "line_align_count": 0,
              "instance_id": 0,
              "section_merge": null
            },
            "records": [
              {
                "type": "para_text",
                "text": "|HHHHHHHHHHHHHH",
                "runs": [
                  {
                    "kind": "text",
                    "text": "|HHHHHHHHHHHHHH",
                    "char_shape_id": 5
                  }
                ],
                "control_char_positions": []
              }
            ]
          },
          {
            "para_header": {
              "text_char_count": 13,
              "control_mask": {
                "value": 0,
                "flags": []
              },
              "para_shape_id": 0,
              "para_style_id": 0,
              "column_divide_type": [],
              "char_shape_count": 0,
              "range_tag_count": 0,
              "line_align_count": 0,
              "instance_id": 0,
              "section_merge": null
            },
            "records": [
              {
                "type": "para_text",
                "text": "|H 여백만 지정 0pt",
                "runs": [
                  {
                    "kind": "text",
                    "text": "|H 여백만 지정 0pt",
                    "char_shape_id": 5
                  }
                ],
                "control_char_positions": []
              }
            ]
          },
          {
            "para_header": {
              "text_char_count": 15,
              "control_mask": {
                "value": 0,
                "flags": []
              },
              "para_shape_id": 0,
              "para_style_id": 0,
              "column_divide_type": [],
              "char_shape_count": 0,
              "range_tag_count": 0,
              "line_align_count": 0,
              "instance_id": 0,
              "section_merge": null
            },
            "records": [
              {
                "type": "para_text",
                "text": "|HHHHHHHHHHHHHH",
                "runs": [
                  {
                    "kind": "text",
                    "text": "|HHHHHHHHHHHHHH",
                    "char_shape_id": 5
                  }
                ],
                "control_char_positions": []
              }
            ]
          },
          {
            "para_header": {
              "text_char_count": 14,
              "control_mask": {
                "value": 0,
                "flags": []
              },
              "para_shape_id": 0,
              "para_style_id": 0,
              "column_divide_type": [],
              "char_shape_count": 0,
              "range_tag_count": 0,
              "line_align_count": 0,
              "instance_id": 0,
              "section_merge": null
            },
            "records": [
              {
                "type": "para_text",
                "text": "|H 글자에 따라 200%",
                "runs": [
                  {
                    "kind": "text",
                    "text": "|H 글자에 따라 200%",
                    "char_shape_id": 5
                  }
                ],
                "control_char_positions": []
              }
            ]
          },
          {
            "para_header": {
              "text_char_count": 15,
              "control_mask": {
                "value": 0,
                "flags": []
              },
              "para_shape_id": 0,
              "para_style_id": 0,
              "column_divide_type": [],
              "char_shape_count": 0,
              "range_tag_count": 0,
              "line_align_count": 0,
              "instance_id": 0,
              "section_merge": null
            },
            "records": [
              {
                "type": "para_text",
                "text": "|HHHHHHHHHHHHHH",
                "runs": [
                  {
                    "kind": "text",
                    "text": "|HHHHHHHHHHHHHH",
                    "char_shape_id": 5
                  }
                ],
                "control_char_positions": []
              }
            ]
          },
          {
            "para_header": {
              "text_char_count": 12,
              "control_mask": {
                "value": 0,
                "flags": []
              },
              "para_shape_id": 0,
              "para_style_id": 0,
              "column_divide_type": [],
              "char_shape_count": 0,
              "range_tag_count": 0,
              "line_align_count": 0,
              "instance_id": 0,
              "section_merge": null
            },
            "records": [
              {
                "type": "para_text",
                "text": "|H 고정 값 20pt",
                "runs": [
                  {
                    "kind": "text",
                    "text": "|H 고정 값 20pt",
                    "char_shape_id": 5
                  }
                ],
                "control_char_positions": []
              }
            ]
          },
          {
            "para_header": {
              "text_char_count": 15,
              "control_mask": {
                "value": 0,
                "flags": []
              },
              "para_shape_id": 0,
              "para_style_id": 0,
              "column_divide_type": [],
              "char_shape_count": 0,
              "range_tag_count": 0,
              "line_align_count": 0,
              "instance_id": 0,
              "section_merge": null
            },
            "records": [
              {
                "type": "para_text",
                "text": "|HHHHHHHHHHHHHH",
                "runs": [
                  {
                    "kind": "text",
                    "text": "|HHHHHHHHHHHHHH",
                    "char_shape_id": 5
                  }
                ],
                "control_char_positions": []
              }
            ]
          },
          {
            "para_header": {
              "text_char_count": 14,
              "control_mask": {
                "value": 0,
                "flags": []
              },
              "para_shape_id": 0,
              "para_style_id": 0,
              "column_divide_type": [],
              "char_shape_count": 0,
              "range_tag_count": 0,
              "line_align_count": 0,
              "instance_id": 0,
              "section_merge": null
            },
            "records": [
              {
                "type": "para_text",
                "text": "|H 여백만 지정 10pt",
                "runs": [
                  {
                    "kind": "text",
                    "text": "|H 여백만 지정 10pt",
                    "char_shape_id": 5
                  }
                ],
                "control_char_positions": []
              }
            ]
          },
          {
            "para_header": {
              "text_char_count": 15,
              "control_mask": {
                "value": 0,
                "flags": []
              },
              "para_shape_id": 0,
              "para_style_id": 0,
              "column_divide_type": [],
              "char_shape_count": 0,
              "range_tag_count": 0,
              "line_align_count": 0,
              "instance_id": 0,
              "section_merge": null
            },
            "records": [
              {
                "type": "para_text",
                "text": "|HHHHHHHHHHHHHH",
                "runs": [
                  {
                    "kind": "text",
                    "text": "|HHHHHHHHHHHHHH",
                    "char_shape_id": 5
                  }
                ],
                "control_char_positions": []
              }
            ]
          },
          {
            "para_header": {
              "text_char_count": 13,
              "control_mask": {
                "value": 0,
                "flags": []
              },
              "para_shape_id": 0,
              "para_style_id": 0,
              "column_divide_type": [],
              "char_shape_count": 0,
              "range_tag_count": 0,
              "line_align_count": 0,
              "instance_id": 0,
              "section_merge": null
            },
            "records": [
              {
                "type": "para_text",
                "text": "|H 글자에 따라100%",
                "runs": [
                  {
                    "kind": "text",
                    "text": "|H 글자에 따라",
                    "char_shape_id": 5
                  },
                  {
                    "kind": "text",
                    "text": "100%",
                    "char_shape_id": 6
                  }
                ],
                "control_char_positions": []
              }
            ]
          },
          {
            "para_header": {
              "text_char_count": 15,
              "control_mask": {
                "value": 0,
                "flags": []
              },
              "para_shape_id": 0,
              "para_style_id": 0,
              "column_divide_type": [],
              "char_shape_count": 0,
              "range_tag_count": 0,
              "line_align_count": 0,
              "instance_id": 0,
              "section_merge": null
            },
            "records": [
              {
                "type": "para_text",
                "text": "|HHHHHHHHHHHHHH",
                "runs": [
                  {
                    "kind": "text",
                    "text": "|HHHHHHHHHHHHHH",
                    "char_shape_id": 5
                  }
                ],
                "control_char_positions": []
              }
            ]
          },
          {
            "para_header": {
              "text_char_count": 10,
              "control_mask": {
                "value": 0,
                "flags": []
              },
              "para_shape_id": 0,
              "para_style_id": 0,
              "column_divide_type": [],
              "char_shape_count": 0,
              "range_tag_count": 0,
              "line_align_count": 0,
              "instance_id": 0,
              "section_merge": null
            },
            "records": [
              {
                "type": "para_text",
                "text": "|H 고정 값0pt",
                "runs": [
                  {
                    "kind": "text",
                    "text": "|H 고정 값",
                    "char_shape_id": 5
                  },
                  {
                    "kind": "text",
                    "text": "0pt",
                    "char_shape_id": 7
                  }
                ],
                "control_char_positions": []
              }
            ]
          },
          {
            "para_header": {
              "text_char_count": 15,
              "control_mask": {
                "value": 0,
                "flags": []
              },
              "para_shape_id": 0,
              "para_style_id": 0,
              "column_divide_type": [],
              "char_shape_count": 0,
              "range_tag_count": 0,
              "line_align_count": 0,
              "instance_id": 0,
              "section_merge": null
            },
            "records": [
              {
                "type": "para_text",
                "text": "|HHHHHHHHHHHHHH",
                "runs": [
                  {
                    "kind": "text",
                    "text": "|HHHHHHHHHHHHHH",
                    "char_shape_id": 5
                  }
                ],
                "control_char_positions": []
              }
            ]
          },
          {
            "para_header": {
              "text_char_count": 12,
              "control_mask": {
                "value": 0,
                "flags": []
              },
              "para_shape_id": 0,
              "para_style_id": 0,
              "column_divide_type": [],
              "char_shape_count": 0,
              "range_tag_count": 0,
              "line_align_count": 0,
              "instance_id": 0,
              "section_merge": null
            },
            "records": [
              {
                "type": "para_text",
                "text": "|H 여백만 지정0pt",
                "runs": [
                  {
                    "kind": "text",
                    "text": "|H 여백만 지정",
                    "char_shape_id": 5
                  },
                  {
                    "kind": "text",
                    "text": "0pt",
                    "char_shape_id": 6
                  }
                ],
                "control_char_positions": []
              }
            ]
          },
          {
            "para_header": {
              "text_char_count": 15,
              "control_mask": {
                "value": 0,
                "flags": []
              },
              "para_shape_id": 0,
              "para_style_id": 0,
              "column_divide_type": [],
              "char_shape_count": 0,
              "range_tag_count": 0,
              "line_align_count": 0,
              "instance_id": 0,
              "section_merge": null
            },
            "records": [
              {
                "type": "para_text",
                "text": "|HHHHHHHHHHHHHH",
                "runs": [
                  {
                    "kind": "text",
                    "text": "|HHHHHHHHHHHHHH",
                    "char_shape_id": 5
                  }
                ],
                "control_char_positions": []
              }
            ]
          }
        ]
      }
    ]
  },
  "bin_data": {
    "items": []
  },
  "preview_text": {
    "text": "|HHHHHHHHHHHHHH\r\n|HHHHHHHHHHHHHH\r\n|H 글자에 따라 150%\r\n|HHHHHHHHHHHHHH\r\n|H 고정 값 15pt\r\n|HHHHHHHHHHHHHH\r\n|H 여백만 지정 5pt\r\n|HHHHHHHHHHHHHH\r\n|H 글자에 따라 100%\r\n|HHHHHHHHHHHHHH\r\n|H 고정 값 10pt\r\n|HHHHHHHHHHHHHH\r\n|H 여백만 지정 0pt\r\n|HHHHHHHHHHHHHH\r\n|H 글자에 따라 200%\r\n|HHHHHHHHHHHHHH\r\n|H 고정 값 20pt\r\n|HHHHHHHHHHHHHH\r\n|H 여백만 지정 10pt\r\n|HHHHHHHHHHHHHH\r\n|H 글자에 따라 100%\r\n|HHHHHHHHHHHHHH\r\n|H 고정 값 0pt\r\n|HHHHHHHHHHHHHH\r\n|H 여백만 지정 0pt\r\n|HHHHHHHHHHHHHH\r\n"
  },
  "preview_image": null,
  "scripts": null,
  "xml_template": null,
  "summary_information": null,
  "warnings": {
    "warnings": []
  }
}
