---
source: crates/hwp-core/tests/snapshot_tests.rs
expression: markdown
---
# HWP 문서



**버전**: 5.01.00.01




<table border="1" cellpadding="5" cellspacing="0" style="border-collapse: collapse;">
</table>
  

<table border="1" cellpadding="5" cellspacing="0" style="border-collapse: collapse;">
</table>
